******************************************************************************
                  TI ARM Linker PC v20.2.7                     
******************************************************************************
>> Linked Sat Aug  3 05:15:13 2024

OUTPUT FILE NAME:   <ARMProjectPartI.out>
ENTRY POINT SYMBOL: "_c_int00_noargs"  address: 00000cd9


MEMORY CONFIGURATION

         name            origin    length      used     unused   attr    fill
----------------------  --------  ---------  --------  --------  ----  --------
  FLASH                 00000000   00040000  00000d7e  0003f282  R  X
  SRAM                  20000000   00008000  00000205  00007dfb  RW X


SEGMENT ALLOCATION MAP

run origin  load origin   length   init length attrs members
----------  ----------- ---------- ----------- ----- -------
00000000    00000000    00000d80   00000d80    r-x
  00000000    00000000    0000026c   0000026c    r-- .intvecs
  0000026c    0000026c    00000afa   00000afa    r-x .text
  00000d68    00000d68    00000018   00000018    r-- .cinit
20000000    20000000    00000205   00000000    rw-
  20000000    20000000    00000200   00000000    rw- .stack
  20000200    20000200    00000005   00000000    rw- .data


SECTION ALLOCATION MAP

 output                                  attributes/
section   page    origin      length       input sections
--------  ----  ----------  ----------   ----------------
.intvecs   0    00000000    0000026c     
                  00000000    0000026c     tm4c123gh6pm_startup_ccs.obj (.intvecs)

.text      0    0000026c    00000afa     
                  0000026c    000004d8     NVIC.obj (.text)
                  00000744    0000021c     main.obj (.text)
                  00000960    000000fc     rtsv7M4_T_le_v4SPD16_eabi.lib : fd_mul_t2.asm.obj (.text)
                  00000a5c    000000f0     SysTick.obj (.text)
                  00000b4c    0000009c     rtsv7M4_T_le_v4SPD16_eabi.lib : memcpy_t2.asm.obj (.text)
                  00000be8    00000068                                   : copy_decompress_lzss.c.obj (.text:decompress:lzss:__TI_decompress_lzss)
                  00000c50    00000044                                   : autoinit.c.obj (.text:__TI_auto_init_nobinit_nopinit:__TI_auto_init_nobinit_nopinit)
                  00000c94    00000044                                   : fd_tou_t2.asm.obj (.text)
                  00000cd8    00000034                                   : boot_cortex_m.c.obj (.text:_c_int00_noargs:_c_int00_noargs)
                  00000d0c    00000020                                   : u_tofd_t2.asm.obj (.text)
                  00000d2c    00000018                                   : ll_mul_t2.asm.obj (.text)
                  00000d44    0000000e                                   : copy_decompress_none.c.obj (.text:decompress:none:__TI_decompress_none)
                  00000d52    0000000c     tm4c123gh6pm_startup_ccs.obj (.text)
                  00000d5e    00000004     rtsv7M4_T_le_v4SPD16_eabi.lib : pre_init.c.obj (.text:_system_pre_init)
                  00000d62    00000004                                   : exit.c.obj (.text:abort:abort)

.cinit     0    00000d68    00000018     
                  00000d68    00000008     (__TI_handler_table)
                  00000d70    00000007     (.cinit..data.load) [load image, compression = lzss]
                  00000d77    00000001     --HOLE-- [fill = 0]
                  00000d78    00000008     (__TI_cinit_table)

.init_array 
*          0    00000000    00000000     UNINITIALIZED

.data      0    20000200    00000005     UNINITIALIZED
                  20000200    00000004     SysTick.obj (.data)
                  20000204    00000001     main.obj (.data)

.stack     0    20000000    00000200     UNINITIALIZED
                  20000000    00000004     rtsv7M4_T_le_v4SPD16_eabi.lib : boot_cortex_m.c.obj (.stack)
                  20000004    000001fc     --HOLE--

__llvm_prf_cnts 
*          0    20000000    00000000     UNINITIALIZED

MODULE SUMMARY

       Module                         code   ro data   rw data
       ------                         ----   -------   -------
    .\
       NVIC.obj                       1240   0         0      
       tm4c123gh6pm_startup_ccs.obj   12     620       0      
       main.obj                       540    0         1      
       SysTick.obj                    240    0         4      
    +--+------------------------------+------+---------+---------+
       Total:                         2032   620       5      
                                                              
    C:\ti\ccs1271\ccs\tools\compiler\ti-cgt-arm_20.2.7.LTS\lib\rtsv7M4_T_le_v4SPD16_eabi.lib
       fd_mul_t2.asm.obj              252    0         0      
       memcpy_t2.asm.obj              156    0         0      
       copy_decompress_lzss.c.obj     104    0         0      
       autoinit.c.obj                 68     0         0      
       fd_tou_t2.asm.obj              68     0         0      
       boot_cortex_m.c.obj            52     0         0      
       u_tofd_t2.asm.obj              32     0         0      
       ll_mul_t2.asm.obj              24     0         0      
       copy_decompress_none.c.obj     14     0         0      
       exit.c.obj                     4      0         0      
       pre_init.c.obj                 4      0         0      
    +--+------------------------------+------+---------+---------+
       Total:                         778    0         0      
                                                              
       Stack:                         0      0         512    
       Linker Generated:              0      23        0      
    +--+------------------------------+------+---------+---------+
       Grand Total:                   2810   643       517    


LINKER GENERATED COPY TABLES

__TI_cinit_table @ 00000d78 records: 1, size/record: 8, table size: 8
	.data: load addr=00000d70, load size=00000007 bytes, run addr=20000200, run size=00000005 bytes, compression=lzss


LINKER GENERATED HANDLER TABLE

__TI_handler_table @ 00000d68 records: 2, size/record: 4, table size: 8
	index: 0, handler: __TI_decompress_lzss
	index: 1, handler: __TI_decompress_none


GLOBAL SYMBOLS: SORTED ALPHABETICALLY BY Name 

address   name                          
-------   ----                          
00000d63  C$$EXIT                       
00000745  Delay_MS                      
00000785  GPIOPortF_Handler             
00000845  Leds_Init                     
000005b9  NVIC_DisableException         
00000345  NVIC_DisableIRQ               
00000539  NVIC_EnableException          
0000026d  NVIC_EnableIRQ                
00000645  NVIC_SetPriorityException     
0000041d  NVIC_SetPriorityIRQ           
00000d53  ResetISR                      
000007b5  SW2_Init                      
00000883  SysTick_CallBackFunc          
00000b19  SysTick_DeInit                
00000ad9  SysTick_Handler               
00000a5d  SysTick_Init                  
00000ae9  SysTick_SetCallBack           
00000b05  SysTick_Start                 
00000a9b  SysTick_StartBusyWait         
00000af9  SysTick_Stop                  
20000200  __STACK_END                   
00000200  __STACK_SIZE                  
20000200  __STACK_TOP                   
00000d78  __TI_CINIT_Base               
00000d80  __TI_CINIT_Limit              
00000d68  __TI_Handler_Table_Base       
00000d70  __TI_Handler_Table_Limit      
00000c51  __TI_auto_init_nobinit_nopinit
00000be9  __TI_decompress_lzss          
00000d45  __TI_decompress_none          
ffffffff  __TI_pprof_out_hndl           
ffffffff  __TI_prof_data_size           
ffffffff  __TI_prof_data_start          
00000000  __TI_static_base__            
00000c95  __aeabi_d2uiz                 
00000961  __aeabi_dmul                  
00000d2d  __aeabi_lmul                  
00000b4d  __aeabi_memcpy                
00000b4d  __aeabi_memcpy4               
00000b4d  __aeabi_memcpy8               
00000d0d  __aeabi_ui2d                  
ffffffff  __binit__                     
ffffffff  __c_args__                    
UNDEFED   __mpu_init                    
20000000  __stack                       
20000000  __start___llvm_prf_cnts       
20000000  __stop___llvm_prf_cnts        
00000cd9  _c_int00_noargs               
UNDEFED   _system_post_cinit            
00000d5f  _system_pre_init              
00000d63  abort                         
ffffffff  binit                         
20000204  g_Counter                     
00000000  g_pfnVectors                  
000008dd  main                          
00000b4d  memcpy                        


GLOBAL SYMBOLS: SORTED BY Symbol Address 

address   name                          
-------   ----                          
00000000  __TI_static_base__            
00000000  g_pfnVectors                  
00000200  __STACK_SIZE                  
0000026d  NVIC_EnableIRQ                
00000345  NVIC_DisableIRQ               
0000041d  NVIC_SetPriorityIRQ           
00000539  NVIC_EnableException          
000005b9  NVIC_DisableException         
00000645  NVIC_SetPriorityException     
00000745  Delay_MS                      
00000785  GPIOPortF_Handler             
000007b5  SW2_Init                      
00000845  Leds_Init                     
00000883  SysTick_CallBackFunc          
000008dd  main                          
00000961  __aeabi_dmul                  
00000a5d  SysTick_Init                  
00000a9b  SysTick_StartBusyWait         
00000ad9  SysTick_Handler               
00000ae9  SysTick_SetCallBack           
00000af9  SysTick_Stop                  
00000b05  SysTick_Start                 
00000b19  SysTick_DeInit                
00000b4d  __aeabi_memcpy                
00000b4d  __aeabi_memcpy4               
00000b4d  __aeabi_memcpy8               
00000b4d  memcpy                        
00000be9  __TI_decompress_lzss          
00000c51  __TI_auto_init_nobinit_nopinit
00000c95  __aeabi_d2uiz                 
00000cd9  _c_int00_noargs               
00000d0d  __aeabi_ui2d                  
00000d2d  __aeabi_lmul                  
00000d45  __TI_decompress_none          
00000d53  ResetISR                      
00000d5f  _system_pre_init              
00000d63  C$$EXIT                       
00000d63  abort                         
00000d68  __TI_Handler_Table_Base       
00000d70  __TI_Handler_Table_Limit      
00000d78  __TI_CINIT_Base               
00000d80  __TI_CINIT_Limit              
20000000  __stack                       
20000000  __start___llvm_prf_cnts       
20000000  __stop___llvm_prf_cnts        
20000200  __STACK_END                   
20000200  __STACK_TOP                   
20000204  g_Counter                     
ffffffff  __TI_pprof_out_hndl           
ffffffff  __TI_prof_data_size           
ffffffff  __TI_prof_data_start          
ffffffff  __binit__                     
ffffffff  __c_args__                    
ffffffff  binit                         
UNDEFED   __mpu_init                    
UNDEFED   _system_post_cinit            

[56 symbols]
